// Jest Snapshot v1, https://goo.gl/fbAQLP

exports[`Storyshots BaggageSelectionModalHeader First Story 1`] = `
<div
  style={
    {
      "padding": "24px 24px 16px",
    }
  }
>
  <div
    style={
      {
        "columnGap": "4px",
        "display": "flex",
      }
    }
  >
    <button
      style={
        {
          "backgroundColor": "rgb(var(--ACCENT))",
          "border": "none",
          "borderRadius": "4px",
          "height": "4px",
          "padding": "0",
          "transition": "background-color 0.3s var(--TRANSITION-CUBIC-BEZIER)",
          "width": "4px",
        }
      }
    />
    <button
      onClick={[Function]}
      style={
        {
          "backgroundColor": "rgba(var(--ACCENT), var(--ACCENT-LIGHT-200))",
          "border": "none",
          "borderRadius": "4px",
          "height": "4px",
          "padding": "0",
          "transition": "background-color 0.3s var(--TRANSITION-CUBIC-BEZIER)",
          "width": "4px",
        }
      }
    />
  </div>
  <h2
    className="h3--semibold"
    style={
      {
        "marginTop": "12px",
      }
    }
  >
    Flight to 
    LAX
    <span
      className="p2--regular"
      style={
        {
          "color": "var(--GREY-600)",
          "marginLeft": "8px",
        }
      }
    >
      Apr 21, 2023
    </span>
  </h2>
</div>
`;

exports[`Storyshots DuffelAncillaries Expired Offer 1`] = `
[
  <link
    href="/global.css"
    rel="stylesheet"
  />,
  <div
    className="duffel-components"
    style={
      {
        "display": "flex",
        "flexDirection": "column",
        "rowGap": "12px",
        "width": "100%",
      }
    }
  >
    <div
      style={
        {
          "alignItems": "center",
          "border": "dashed 1px var(--GREY-300)",
          "borderRadius": "4px",
          "display": "flex",
          "justifyContent": "center",
          "paddingBlock": "32px",
        }
      }
    >
      <div
        style={
          {
            "alignItems": "center",
            "display": "flex",
            "flexDirection": "column",
            "maxWidth": "470px",
          }
        }
      >
        <p
          className="p1--semibold"
          style={
            {
              "marginBlock": "0",
            }
          }
        >
          We ran into an error
        </p>
        <p
          className="p1--regular"
          style={
            {
              "color": "var(--GREY-600)",
              "marginBlock": "12px",
              "textAlign": "center",
            }
          }
        >
          Please try reloading. If the problem persists reach out to our support team.
        </p>
        <div>
          <button
            aria-label="Try again"
            className="duffel-button duffel-button--solid duffel-button--invisible"
            disabled={false}
            onClick={[Function]}
            type="button"
          >
            <svg
              aria-label="autorenew"
              className="duffel-button__icon duffel-button__icon--before"
              data-testid="autorenew"
              height={24}
              style={
                {
                  "display": "block",
                  "fill": "currentColor",
                  "marginLeft": "initial",
                }
              }
              viewBox="0 0 24 24"
              width={24}
            >
              <path
                d="M5.69728 14.4104C5.49326 13.9833 5.32604 13.5257 5.19562 13.0374C5.06521 12.5492 5 12.0367 5 11.5C5 9.56481 5.69083 7.91679 7.07249 6.55591C8.45416 5.19504 10.147 4.53946 12.1511 4.58918H12.7613L11.0742 2.92359L12.0097 2L15.2869 5.23549L12.0097 8.47099L11.0742 7.54739L12.7613 5.88181H12.1511C10.5021 5.84866 9.11624 6.38632 7.99347 7.49479C6.87069 8.60326 6.30931 9.93833 6.30931 11.5C6.30931 11.8455 6.33804 12.1824 6.3955 12.5106C6.45296 12.8389 6.53915 13.1573 6.65407 13.4658L5.69728 14.4104ZM11.9903 21L8.71309 17.7645L11.9903 14.529L12.9258 15.4526L11.2387 17.1182H11.8489C13.4979 17.1513 14.8838 16.6137 16.0065 15.5052C17.1293 14.3967 17.6907 13.0617 17.6907 11.5C17.6907 11.1545 17.662 10.8176 17.6045 10.4894C17.547 10.1611 17.4609 9.84273 17.3459 9.53421L18.3027 8.58959C18.5067 9.01665 18.674 9.47431 18.8044 9.96256C18.9348 10.4508 19 10.9633 19 11.5C19 13.4186 18.3092 15.0625 16.9275 16.4317C15.5458 17.8008 13.853 18.4605 11.8489 18.4108H11.2387L12.9258 20.0764L11.9903 21Z"
              />
            </svg>
            <span
              className="duffel-button__text"
            >
              Try again
            </span>
          </button>
        </div>
      </div>
    </div>
  </div>,
]
`;
